// Jest Snapshot v1, https://goo.gl/fbAQLP

exports[`FooterMenu component renders correctly 1`] = `
.c0 {
  display: -webkit-box;
  display: -webkit-flex;
  display: -ms-flexbox;
  display: flex;
  margin: 0;
  padding: 0;
}

.c0 li {
  list-style: none;
  margin: auto;
  font-size: 15px;
  color: rgba(255,255,255,0.25);
}

.c0 li + li {
  margin-left: 10px;
}

.c0 li + li:before {
  content: '/';
  margin-right: 10px;
}

.c0 li a {
  color: inherit;
  font-size: inherit;
  -webkit-text-decoration: none;
  text-decoration: none;
  -webkit-transition: color 0.25s ease-out;
  transition: color 0.25s ease-out;
}

.c0 li a:hover {
  color: #fff;
}

@media (max-width:320px) {
  .c0 li {
    font-size: 0.7rem;
  }
}

@media (max-width:768px) {
  .c0 {
    -webkit-box-pack: center;
    -webkit-justify-content: center;
    -ms-flex-pack: center;
    justify-content: center;
  }

  .c0 li {
    margin: initial;
  }
}

<ul
  className="c0"
>
  <li>
    <a
      href="/homepage#home"
      onClick={[Function]}
      onMouseEnter={[Function]}
      title="Home"
    >
      Home
    </a>
  </li>
  <li>
    <a
      href="/homepage#services"
      onClick={[Function]}
      onMouseEnter={[Function]}
      title="Services"
    >
      Services
    </a>
  </li>
  <li>
    <a
      href="/privacy-policy"
      onClick={[Function]}
      onMouseEnter={[Function]}
      title="Privacy Policy"
    >
      Privacy Policy
    </a>
  </li>
</ul>
`;
