// Jest Snapshot v1, https://goo.gl/fbAQLP

exports[`Header component renders correctly 1`] = `
<div
  className="sc-eCImvq hbueKl"
>
  <a
    aria-current="page"
    className="sc-bdvvaa dpwPeK"
    href="/"
    onClick={[Function]}
    onMouseEnter={[Function]}
    style={Object {}}
    title="Back to homepage"
  >
    <img
      alt="Codemanufacture - Logo"
      height={40}
      src="test-file-stub"
      width={260}
    />
  </a>
  <menu
    className="sc-hKwCoD fDKTRn"
  >
    <ul
      className="sc-dkPtyc bnuKke"
      onClick={[Function]}
    >
      <li>
        <a
          href="/homepage#home"
          onClick={[Function]}
          onMouseEnter={[Function]}
          title="Home"
        >
          Home
        </a>
      </li>
      <li>
        <a
          href="/homepage#services"
          onClick={[Function]}
          onMouseEnter={[Function]}
          title="Services"
        >
          Services
        </a>
      </li>
      <li>
        <a
          href="/homepage/#contact"
          onClick={[Function]}
          onMouseEnter={[Function]}
          title="Contact"
        >
          Contact
        </a>
      </li>
    </ul>
    <a
      className="sc-gsDJrp fowpGR"
      href="#trigger-mobile-menu"
      onClick={[Function]}
    >
      Menu
    </a>
  </menu>
</div>
`;
