// Jest Snapshot v1, https://goo.gl/fbAQLP

exports[`Header component renders correctly 1`] = `
<div
  className="sc-ifAKCX cNOviL"
>
  <a
    aria-current="page"
    className="sc-bdVaJa dBkIVO"
    href="/"
    onClick={[Function]}
    onMouseEnter={[Function]}
    style={Object {}}
    title="Back to homepage"
  >
    <img
      alt="Codemanufacture"
      height={40}
      src={
        Object {
          "0": "t",
          "1": "e",
          "10": "s",
          "11": "t",
          "12": "u",
          "13": "b",
          "2": "s",
          "3": "t",
          "4": "-",
          "5": "f",
          "6": "i",
          "7": "l",
          "8": "e",
          "9": "-",
          "default": "test-file-stub",
        }
      }
      width={260}
    />
  </a>
  <menu
    className="sc-bxivhb ktNeoN"
  >
    <ul
      className="sc-htpNat hyuzrE"
      onClick={[Function]}
    >
      <li>
        <a
          href="/homepage#home"
          onClick={[Function]}
          onMouseEnter={[Function]}
          title="Home"
        >
          Home
        </a>
      </li>
      <li>
        <a
          href="/homepage#services"
          onClick={[Function]}
          onMouseEnter={[Function]}
          title="Services"
        >
          Services
        </a>
      </li>
    </ul>
    <a
      className="sc-bwzfXH bvpJTi"
      href="#trigger-mobile-menu"
      onClick={[Function]}
    >
      Menu
    </a>
  </menu>
</div>
`;
