// Jest Snapshot v1, https://goo.gl/fbAQLP

exports[`Newsletter component renders correctly 1`] = `
<div
  tw="bg-sky-800"
>
  <div
    tw="mx-auto max-w-7xl py-12 px-6 lg:flex lg:items-center lg:py-16 lg:px-8"
  >
    <div
      tw="lg:w-0 lg:flex-1"
    >
      <h2
        id="newsletter-headline"
        tw="text-3xl font-bold tracking-tight text-white sm:text-4xl"
      >
        Subscribe to our newsletter
      </h2>
      <p
        tw="mt-3 max-w-3xl text-lg leading-6 text-gray-300"
      >
        The latest news, articles, and resources, sent to your inbox monthly.
      </p>
    </div>
    <div
      tw="mt-8 lg:mt-0 lg:ml-8"
    >
      <form
        action="https://app.convertkit.com/forms/4007854/subscriptions"
        data-format="inline"
        data-options="{"settings":{"after_subscribe":{"action":"message","success_message":"Success! Now check your email to confirm your subscription.","redirect_url":""},"analytics":{"google":null,"fathom":null,"facebook":null,"segment":null,"pinterest":null,"sparkloop":null,"googletagmanager":null},"modal":{"trigger":"timer","scroll_percentage":null,"timer":5,"devices":"all","show_once_every":15},"powered_by":{"show":false,"url":"https://convertkit.com/features/forms?utm_campaign=poweredby&amp;utm_content=form&amp;utm_medium=referral&amp;utm_source=dynamic"},"recaptcha":{"enabled":true},"return_visitor":{"action":"show","custom_content":""},"slide_in":{"display_in":"bottom_right","trigger":"timer","scroll_percentage":null,"timer":5,"devices":"all","show_once_every":15},"sticky_bar":{"display_in":"top","trigger":"timer","scroll_percentage":null,"timer":5,"devices":"all","show_once_every":15}},"version":"5"}"
        data-sv-form="4007854"
        data-uid="a7732813ca"
        data-version="5"
        method="post"
        tw="flex flex-1 w-full"
      >
        <ul
          className="formkit-alert formkit-alert-error"
          data-element="errors"
          data-group="alert"
        />
        <label
          htmlFor="email-address"
          tw="sr-only"
        >
          Email address
        </label>
        <div
          data-element="fields"
          data-stacked="false"
          tw="flex flex-col md:flex-row w-full"
        >
          <input
            aria-label="Email address"
            autoComplete="email"
            id="email-address"
            name="email_address"
            placeholder="Enter your email"
            required={true}
            tw="w-full rounded-md border border-transparent px-5 py-3 placeholder-gray-500 focus:border-white focus:ring-2 focus:ring-white focus:ring-offset-2 focus:ring-offset-gray-800"
            type="email"
          />
          <button
            data-element="submit"
            tw="mt-3 md:mt-0 sm:mt-0 sm:ml-3 sm:w-auto sm:flex-shrink-0 flex w-full items-center justify-center rounded-md border border-transparent bg-sky-100 text-base px-5 py-3 font-medium text-sky-700 hover:bg-sky-200 focus:outline-none focus:ring-2 focus:ring-sky-200 focus:ring-offset-2 focus:ring-offset-gray-800"
            type="submit"
          >
            <div
              className="formkit-spinner"
            />
            Subscribe
          </button>
        </div>
      </form>
      <p
        tw="mt-3 text-sm text-gray-300"
      >
        We care about the protection of your data. Read our
         
        <a
          href="/privacy"
          onClick={[Function]}
          onMouseEnter={[Function]}
        >
          <span
            tw="font-medium text-white underline"
          >
            Privacy Policy.
          </span>
        </a>
      </p>
    </div>
  </div>
</div>
`;
