// Jest Snapshot v1, https://goo.gl/fbAQLP

exports[`MobileMenuTrigger component renders correctly 1`] = `
.c0 {
  display: none;
  padding: 24px 22px;
  position: absolute;
  right: 0;
  color: #333;
  font-size: 12px;
  -webkit-text-decoration: none;
  text-decoration: none;
  text-transform: uppercase;
  -webkit-letter-spacing: 3px;
  -moz-letter-spacing: 3px;
  -ms-letter-spacing: 3px;
  letter-spacing: 3px;
}

@media (max-width:768px) {
  .c0 {
    display: block;
  }
}

<a
  className="c0"
  href="#trigger-mobile-menu"
  onClick={[Function]}
>
  Menu
</a>
`;
