// Jest Snapshot v1, https://goo.gl/fbAQLP

exports[`MainMenu component renders correctly 1`] = `
<ul
  className="sc-bdVaJa kKdKPP"
  onClick={[MockFunction]}
>
  <li>
    <a
      href="/homepage#home"
      onClick={[Function]}
      onMouseEnter={[Function]}
      title="Home"
    >
      Home
    </a>
  </li>
  <li>
    <a
      href="/homepage#services"
      onClick={[Function]}
      onMouseEnter={[Function]}
      title="Services"
    >
      Services
    </a>
  </li>
  <li>
    <a
      href="/homepage/#contact"
      onClick={[Function]}
      onMouseEnter={[Function]}
      title="Contact"
    >
      Contact
    </a>
  </li>
</ul>
`;
