// Jest Snapshot v1, https://jestjs.io/docs/snapshot-testing

exports[`GoToTop component renders correctly 1`] = `
.c0 {
  display: flex;
  opacity: 0;
  width: 40px;
  height: 40px;
  border-radius: 2px;
  position: fixed;
  z-index: 99;
  right: 30px;
  bottom: 30px;
  background: rgba(0, 0, 0, 0.3);
  transition: background 0.25s ease-out,opacity 0.25s ease-out;
  pointer-events: none;
}

.c0.active {
  opacity: 1;
  pointer-events: initial;
}

.c0:hover {
  background: #208bc3;
}

.c0 img {
  margin: auto;
}

<a
  className="c0"
  href="#go-to-top"
  onClick={[Function]}
  title="Go to top"
>
  <img
    alt="Go to top"
    src="test-file-stub"
    width={12}
  />
</a>
`;
